  Geri y├╝klenecek projeler belirleniyor...
  Geri y├╝kleme i├ğin t├╝m projeler g├╝ncel.
  WinAppLock.Core -> C:\Users\Ayberk.DESKTOP-PL3VNE8\Documents\Ayberk\Antigravity Projeler\WinAppLock\src\WinAppLock.Core\bin\Debug\net8.0-windows\WinAppLock.Core.dll
C:\Users\Ayberk.DESKTOP-PL3VNE8\Documents\Ayberk\Antigravity Projeler\WinAppLock\src\WinAppLock.Service\Workers\ProcessWatcherWorker.cs(112,31): error CS0103: 'Process' ad─▒ ge├ğerli ba─şlamda yok [C:\Users\Ayberk.DESKTOP-PL3VNE8\Documents\Ayberk\Antigravity Projeler\WinAppLock\src\WinAppLock.Service\WinAppLock.Service.csproj]

Olu┼şturma BA┼ŞARISIZ OLDU.

C:\Users\Ayberk.DESKTOP-PL3VNE8\Documents\Ayberk\Antigravity Projeler\WinAppLock\src\WinAppLock.Service\Workers\ProcessWatcherWorker.cs(112,31): error CS0103: 'Process' ad─▒ ge├ğerli ba─şlamda yok [C:\Users\Ayberk.DESKTOP-PL3VNE8\Documents\Ayberk\Antigravity Projeler\WinAppLock\src\WinAppLock.Service\WinAppLock.Service.csproj]
    0 Uyar─▒
    1 Hata

Ge├ğen S├╝re 00:00:00.89
