  Geri y├╝klenecek projeler belirleniyor...
  Geri y├╝kleme i├ğin t├╝m projeler g├╝ncel.
  WinAppLock.Core -> C:\Users\Ayberk.DESKTOP-PL3VNE8\Documents\Ayberk\Antigravity Projeler\WinAppLock\src\WinAppLock.Core\bin\Debug\net8.0-windows\WinAppLock.Core.dll
C:\Users\Ayberk.DESKTOP-PL3VNE8\Documents\Ayberk\Antigravity Projeler\WinAppLock\src\WinAppLock.UI\MainWindow.xaml.cs(347,57): error CS0104: 'Orientation', 'System.Windows.Controls.Orientation' ile 'System.Windows.Forms.Orientation' aras─▒nda belirsiz bir ba┼şvuru [C:\Users\Ayberk.DESKTOP-PL3VNE8\Documents\Ayberk\Antigravity Projeler\WinAppLock\src\WinAppLock.UI\WinAppLock.UI_vmgzbepf_wpftmp.csproj]
C:\Users\Ayberk.DESKTOP-PL3VNE8\Documents\Ayberk\Antigravity Projeler\WinAppLock\src\WinAppLock.UI\MainWindow.xaml.cs(373,21): error CS0103: 'contentGrid' ad─▒ ge├ğerli ba─şlamda yok [C:\Users\Ayberk.DESKTOP-PL3VNE8\Documents\Ayberk\Antigravity Projeler\WinAppLock\src\WinAppLock.UI\WinAppLock.UI_vmgzbepf_wpftmp.csproj]

Olu┼şturma BA┼ŞARISIZ OLDU.

C:\Users\Ayberk.DESKTOP-PL3VNE8\Documents\Ayberk\Antigravity Projeler\WinAppLock\src\WinAppLock.UI\MainWindow.xaml.cs(347,57): error CS0104: 'Orientation', 'System.Windows.Controls.Orientation' ile 'System.Windows.Forms.Orientation' aras─▒nda belirsiz bir ba┼şvuru [C:\Users\Ayberk.DESKTOP-PL3VNE8\Documents\Ayberk\Antigravity Projeler\WinAppLock\src\WinAppLock.UI\WinAppLock.UI_vmgzbepf_wpftmp.csproj]
C:\Users\Ayberk.DESKTOP-PL3VNE8\Documents\Ayberk\Antigravity Projeler\WinAppLock\src\WinAppLock.UI\MainWindow.xaml.cs(373,21): error CS0103: 'contentGrid' ad─▒ ge├ğerli ba─şlamda yok [C:\Users\Ayberk.DESKTOP-PL3VNE8\Documents\Ayberk\Antigravity Projeler\WinAppLock\src\WinAppLock.UI\WinAppLock.UI_vmgzbepf_wpftmp.csproj]
    0 Uyar─▒
    2 Hata

Ge├ğen S├╝re 00:00:00.94
